### AML RAL - CONZNE - Contiguous Zone ###

LAYER
    NAME "CONZNE_poly"
    TYPE LINE
    GROUP "{GROUP}"
    METADATA
        "ows_title" "Contiguous Zone"
        "ows_enable_request"   "*"
        "gml_include_items"  "NATION,STATUS,NOBJNM,OBJNAM,INFORM,NINFOM"
        "wms_feature_mime_type" "text/html"
    END
    TEMPLATE blank.html
    CONNECTIONTYPE OGR
    CONNECTION "{AML_PATH}"
    DATA "CONZNE"
    PROCESSING 'NATIVE_FILTER=PRIM=3'  # Select polygons
    PROCESSING "CLOSE_CONNECTION=DEFER"
    PROCESSING "LABEL_NO_CLIP=ON"
    STATUS ON
    CLASS
        NAME "Contiguous Zone"   # symbol: "TESARE02"
        STYLE
            SYMBOL "MS_PLUS_LONG"
            COLOR "{ISDNG}"  
            SIZE 6
            WIDTH 1.0
            INITIALGAP 4    
            GAP -36
        END
        STYLE
            SYMBOL "MS_H-LINE"
            COLOR "{ISDNG}"
            SIZE 12
            WIDTH 1.0
            INITIALGAP 22
            GAP -36
        END
    END # Class
END # Layer
