### AML RAL - icerte - Ice Route ###

LAYER
    NAME "icerte_line"
    TYPE LINE
    GROUP "{GROUP}"
    METADATA
        "ows_title" "Ice Route (line)"
        "ows_enable_request"   "*"
        "gml_include_items"  "*"
        "wms_feature_mime_type" "text/html"
    END
    TEMPLATE blank.html
    CONNECTIONTYPE OGR
    CONNECTION "{AML_PATH}"
    DATA "icerte"
    PROCESSING 'NATIVE_FILTER=PRIM=2'  # Select line strings
    PROCESSING "CLOSE_CONNECTION=DEFER"
    PROCESSING "LABEL_NO_CLIP=ON"
    STATUS ON

    ### NOTE no symboly given in specs
    ### Made from Q-route and filled with no data color

    LABELITEM OBJNAM

    CLASS
        NAME "Ice Route"
        STYLE
            COLOR "{CHBLK}"
            WIDTH 4.5
        END
        STYLE
            COLOR "{NODTA}"
            WIDTH 3.0
        END
        LABEL
            COLOR "{CHBLK}"
            MINFEATURESIZE 10
            FONT "sc"
            TYPE truetype
            ANGLE FOLLOW
            SIZE 7
            OFFSET 9 99
            REPEATDISTANCE 100
        END        
    END # Class
END # Layer
