### AML RAL - TESARE- Territorial Sea Area (line) ###

LAYER
    NAME "TESARE_line"
    TYPE LINE
    GROUP "{GROUP}"
    METADATA
        "ows_title" "Territorial Sea Area (lines)"
        "ows_enable_request"   "*"
        "gml_include_items"  "*"
        "wms_feature_mime_type" "text/html"
    END
    TEMPLATE blank.html
    CONNECTIONTYPE OGR
    CONNECTION "{AML_PATH}"
    DATA "TESARE"
    PROCESSING 'NATIVE_FILTER=PRIM=2'  # Select line strings
    PROCESSING "CLOSE_CONNECTION=DEFER"
    PROCESSING "LABEL_NO_CLIP=ON"
    STATUS ON
    CLASS
        NAME "Territorial Sea Area (lines)"   # symbol: "TESARE01"
        STYLE
            SYMBOL "MS_H-LINE"
            COLOR "{ISDNG}"  
            SIZE 12
            WIDTH 1.0
            INITIALGAP 8
            GAP -52
        END
        STYLE
            SYMBOL "MS_PLUS_LONG"
            COLOR "{ISDNG}"   
            INITIALGAP 26  
            GAP -52
            SIZE 6
            WIDTH 1.2
        END
        STYLE
            SYMBOL "MS_PLUS_LONG"
            COLOR "{ISDNG}"    
            INITIALGAP 44     
            GAP -52
            SIZE 6
            WIDTH 1.2
        END
        #LABEL
            #TEXT "TEST TESARE"
            #COLOR 0 0 0
            #OUTLINECOLOR 200 200 200
            #MINFEATURESIZE 10
            #FONT "sc"
            #TYPE truetype
            #POSITION AUTO
            #SIZE 8
            #OFFSET 0 15
        #END
    END # Class
END # Layer
