MAP
    NAME SeaChart_${THEME}
    SIZE 1000 1000
    CONFIG "PROJ_LIB" './epsg'
    UNITS dd
    EXTENT -180 -90 180 90

    # CONFIG "MS_OPENLAYERS_JS_URL" "http://localhost/LocalOpenLayers/OpenLayers-ms60.js"
    ${DEBUG}
    #RESOLUTION 96
    #DEFRESOLUTION 96

    PROJECTION
         'init=epsg:4326'
    END

    IMAGETYPE png
    FONTSET '${FONTS_PATH}'
    SYMBOLSET "./symbols/symbols-day.map"
    OUTPUTFORMAT
        NAME 'AGG'
        DRIVER AGG/PNG
        IMAGEMODE RGB
    END

    SHAPEPATH "${SHAPEPATH}"

    WEB
        IMAGEPATH '/tmp/'
        IMAGEURL '/tmp/'

        METADATA
          "ows_enable_request"   "*"
          'ows_title'           'SeaChart_${THEME}'
          # 'ows_onlineresource'  '${HOST}?map=${MAP_PATH}/SeaChart_${THEME}.map&'
          'wms_srs'  'EPSG:32633 EPSG:3006 EPSG:3857 EPSG:4326 EPSG:900913'
          'wfs_srs'  'EPSG:32633 EPSG:3006 EPSG:3857 EPSG:4326 EPSG:900913'
          "labelcache_map_edge_buffer" "-10"
          "wms_bbox_extended" "true"
        END
    END
 
    #
    #   Dummy layer to create a layer group for the color mode
    #
    LAYER
        NAME "${THEME}"
        GROUP "base"
        TYPE POINT
        TRANSFORM FALSE
        STATUS ON
        FEATURE
            POINTS 1 1 END
        END
    END

    ${INCLUDES}

END # Map
