###  AML MFF  Cable_submarine lines  ###
#
LAYER
    NAME "CBLSUB"
    TYPE LINE
    GROUP "{GROUP}"
    METADATA
        "ows_title"  "Cable_submarine-lines"
        "ows_enable_request"   "*"
        "gml_include_items"  "*"
        "wms_feature_mime_type" "text/html"
    END
    TEMPLATE blank.html
    CONNECTIONTYPE OGR
    CONNECTION "{AML_PATH}"
    DATA CBLSUB
    PROCESSING 'NATIVE_FILTER=PRIM=2'  #  Select only linestrings
    PROCESSING "CLOSE_CONNECTION=DEFER"
    PROCESSING "LABEL_NO_CLIP=ON"
    STATUS ON
    CLASS
        NAME "Cable submarine"
        STYLE
           SYMBOL "EMCBLSU1_MS"
           COLOR "{TRFCF}"
           INITIALGAP 3
           GAP -72
           SIZE 5
           WIDTH 1.2
           ANGLE AUTO
        END
        STYLE
           SYMBOL "EMCBLSU1_MS"
           COLOR "{TRFCF}"
           INITIALGAP 23
           GAP -72
           SIZE 5
           WIDTH 1.2
           ANGLE AUTO
        END
        STYLE
           SYMBOL "EMCBLAR1_MS"
           COLOR "{TRFCF}"
           INITIALGAP 40
           GAP -72
           SIZE 14
           WIDTH 1.2
           ANGLE AUTO
        END
        STYLE
           SYMBOL "EMCBLSU1_MS"
           COLOR "{TRFCF}"
           INITIALGAP 55
           GAP -72
           SIZE 5
           WIDTH 1.2
           ANGLE AUTO
        END
    END # Class
END # Layer
