## AML - Data coverage areas ###
#
#  Note: this is a polygon layer but is handled as a line layer which
#        is ok in Mapserver
#        This done to be able to do the boundry text is this way.
LAYER
    NAME "M_COVR_MFF"
    TYPE LINE
    GROUP "{GROUP}"
    METADATA
        "ows_title"  "Depth areas"
        "ows_enable_request"   "*"
        "gml_include_items" "*"
        "wms_feature_mime_type" "text/html"
    END
    TEMPLATE blank.html
    CONNECTIONTYPE OGR
    CONNECTION "{AML_PATH}"
    DATA "M_COVR"
    PROCESSING 'NATIVE_FILTER=PRIM=3'  # Select polygons
    PROCESSING "CLOSE_CONNECTION=DEFER"
    STATUS ON
    CLASSITEM "CATCOV"
    CLASS
        NAME "Coverage - data box"
        EXPRESSION "1"
        STYLE
            COLOR "{CHCOR}"
            WIDTH 5.0
            #OFFSET -5.0 -99
            OPACITY 30
            # PATTERN 12 8 12 8 END
            PATTERN 12 8 END
        END
        #LABEL
            #TEXT ("AML Layer Boundry")
            #COLOR "{CHCOR}"
            #TYPE TRUETYPE
            #FONT SC
            #SIZE 8
            #OFFSET -15 99
            #ANGLE FOLLOW
            #REPEATDISTANCE 75
            #FORCE TRUE
        #END
    END # Class
END # Layer
