### RestrictedArea (polygon) ###

LAYER
    NAME  "RestrictedArea_{CL}"
    GROUP "{GROUP}"
    METADATA
        "ows_title"     "RestrictedArea"
        "ows_enable_request"   "*"
        "gml_include_items" "all"
        "wms_feature_mime_type" "text/html"
    END
    TEMPLATE blank.html
    TYPE POLYGON
    STATUS ON
    MAXSCALEDENOM {MAXSCALE}
    DATA "{PATH}"
    PROCESSING 'LABEL_NO_CLIP=ON'
    CLASS
        NAME "Restricted Area (polygon)"
        STYLE
            # TRFCD (important) less import use TRFCF
            # RGB # OUTLINECOLOR {TRFCF_rgb}
            OUTLINECOLOR "{TRFCF}"
            OUTLINEWIDTH 1.0
            LINECAP butt
            PATTERN 18 6  END
        END
        LABEL
            # TRFCD (important) less import use TRFCF
            # RGB # OUTLINECOLOR {TRFCF_rgb}
            COLOR "{TRFCF}"
            TYPE TRUETYPE
            FONT sc
            SIZE 10
            POSITION AUTO
            MINDISTANCE 25
            BUFFER 25
            PARTIALS FALSE
            TEXT "Restricted area"
        END
    END
END

