###  AML - Beach survey - bchare points ###

LAYER
    NAME "bchare_point"
    TYPE POINT
    GROUP "{GROUP}"
    METADATA
        "ows_title"  "Beachsurvey_points"
        "ows_enable_request"   "*"
        "gml_include_items"  "quabch,orgntr,SUREND,SURSTA,INFORM,NINFOM"
        "wms_feature_mime_type" "text/html"
    END
    TEMPLATE blank.html
    CONNECTIONTYPE OGR
    CONNECTION "{AML_PATH}"
    # DATA "SELECT quabch, orgntr, SUREND, SURSTA, INFORM, NINFOM FROM bchare WHERE OGR_GEOMETRY='POINT'"
    DATA bchare
    PROCESSING 'NATIVE_FILTER=PRIM=1'  #  Select only points
    PROCESSING "CLOSE_CONNECTION=DEFER"
    PROCESSING "LABEL_NO_CLIP=ON"
    STATUS ON
    CLASS
        NAME "Beach Survey (points)"
        STYLE
            SYMBOL "MS_CIRCLE"
            COLOR "{RADLO}"
            SIZE 15
            WIDTH 1.1
        END
        STYLE                              
            SYMBOL "MS_bchare01"
            COLOR "{RADLO}"
            SIZE 9
            WIDTH 1.1
        END   
    END # Class
END # Layer
